# Intelligent Event Analysis System – Sample Event Log
# Format: YYYY-MM-DD HH:MM:SS DEVICE_ID EVENT_TYPE [MESSAGE] STATUS
#
# This file contains events for 5 devices:
#   DEVICE-01  → Healthy (full lifecycle success)
#   DEVICE-02  → Failed  (session establishment failures + retries)
#   DEVICE-03  → Failed  (authentication failure)
#   DEVICE-04  → Degraded (missing DATA_TRANSFER event + long delay)
#   DEVICE-05  → Failed  (connection failure)

# ── DEVICE-01 (Healthy) ────────────────────────────────────────────────────
2026-09-01 10:00:01 DEVICE-01 CONNECTION_START SUCCESS
2026-09-01 10:00:02 DEVICE-01 AUTHENTICATION SUCCESS
2026-09-01 10:00:03 DEVICE-01 SESSION_START SUCCESS
2026-09-01 10:00:10 DEVICE-01 DATA_TRANSFER SUCCESS

# ── DEVICE-02 (Failed – session establishment) ─────────────────────────────
2026-09-01 10:01:01 DEVICE-02 CONNECTION_START SUCCESS
2026-09-01 10:01:02 DEVICE-02 AUTHENTICATION SUCCESS
2026-09-01 10:01:03 DEVICE-02 SESSION_START FAILED
2026-09-01 10:01:04 DEVICE-02 RETRY STARTED
2026-09-01 10:01:05 DEVICE-02 SESSION_START FAILED
2026-09-01 10:01:06 DEVICE-02 RETRY STARTED
2026-09-01 10:01:07 DEVICE-02 SESSION_START FAILED

# ── DEVICE-03 (Failed – authentication) ───────────────────────────────────
2026-09-01 10:02:00 DEVICE-03 CONNECTION_START SUCCESS
2026-09-01 10:02:01 DEVICE-03 AUTHENTICATION FAILED
2026-09-01 10:02:02 DEVICE-03 RETRY STARTED
2026-09-01 10:02:03 DEVICE-03 AUTHENTICATION FAILED
2026-09-01 10:02:04 DEVICE-03 RETRY STARTED
2026-09-01 10:02:05 DEVICE-03 AUTHENTICATION FAILED

# ── DEVICE-04 (Degraded – long delay then incomplete lifecycle) ────────────
2026-09-01 10:03:00 DEVICE-04 CONNECTION_START SUCCESS
2026-09-01 10:03:01 DEVICE-04 AUTHENTICATION SUCCESS
2026-09-01 10:03:02 DEVICE-04 SESSION_START SUCCESS
# Simulated 3-minute gap (no DATA_TRANSFER ever arrives)
2026-09-01 10:06:15 DEVICE-04 HEARTBEAT timeout detected FAILED

# ── DEVICE-05 (Failed – connection refused) ───────────────────────────────
2026-09-01 10:04:00 DEVICE-05 CONNECTION_START FAILED
2026-09-01 10:04:01 DEVICE-05 RETRY STARTED
2026-09-01 10:04:03 DEVICE-05 CONNECTION_START FAILED
2026-09-01 10:04:04 DEVICE-05 RETRY STARTED
2026-09-01 10:04:06 DEVICE-05 CONNECTION_START FAILED

# ── Intentionally malformed lines (should be skipped gracefully) ───────────
BADLINE_NO_TIMESTAMP
2026-09-01 DEVICE-NOTIME EVENT_ONLY
2026-09-01 10:05:00
